// Jest Snapshot v1, https://goo.gl/fbAQLP

exports[`Push api request format 404 error 1`] = `"✖ Please check your kibana url and try again - 404:Not Found"`;

exports[`Push api request format api error 1`] = `
"✖ Error
   ✖ monitor creation failed - 401:Unauthorized
       [security_exception: [security_exception] Reason: unable to authenticate user"
`;

exports[`Push api request format failed monitors 1`] = `
"✖ Error
   > Failed to save or update monitor. Configuration is not valid: monitor(monitor-without-schedule)
       Invalid value \\"undefined\\" supplied to \\"schedule\\"

   > Failed to save or update monitor. Configuration is not valid
       Invalid value \\"undefined\\" supplied to \\"id\\"

"
`;

exports[`Push api request format failed stale monitors 1`] = `
"⚠ Warnings
   > Failed to delete monitor.: monitor(monitor-1)
       downstream erorr

   > Failed to delete monitor.: monitor(monitor-2)
       downstream erorr

"
`;
